2024-05-12 18:25:49,736 - __main__ - INFO - test the costum logger
2024-05-12 18:31:24,788 - __main__ - INFO - test the costum logger
